TWAP_SLOAD_CONTROL cold=2171 warm=171 reset_cold=2171
.TWAP_GAS_SETUP python=3.12.0 machine=arm64 seconds=6.452 pool_runtime_sha256=a2ad4226f924f98e8d9a7a97ce0e034b05c4fc9d2b19d1e5b58f8bd43a2feb3a source_bytes=19867 synthetic_ring=65535
TWAP_COLD ring=65535 index=65534 initialized=65535 window=1800 model_depth=14 observation_slots=30 source=156916 desk=195135 observe=80733 source_target_overrun=0
.TWAP_COLD ring=20000 index=19999 initialized=20000 window=1800 model_depth=10 observation_slots=22 source=135738 desk=173957 observe=59555 source_target_overrun=0
.TWAP_COLD ring=65535 index=12345 initialized=65535 window=1800 model_depth=14 observation_slots=30 source=156916 desk=195135 observe=80733 source_target_overrun=0
.TWAP_COLD ring=65535 index=29999 initialized=30000 window=1800 model_depth=13 observation_slots=30 source=156397 desk=194616 observe=80214 source_target_overrun=0
.TWAP_COLD ring=65535 index=65534 initialized=65535 window=14400 model_depth=15 observation_slots=32 source=162025 desk=200244 observe=85842 source_target_overrun=0
.TWAP_COLD ring=20000 index=19999 initialized=20000 window=14400 model_depth=14 observation_slots=29 source=154566 desk=192785 observe=78383 source_target_overrun=0
.TWAP_COLD ring=65535 index=12345 initialized=65535 window=14400 model_depth=15 observation_slots=32 source=162025 desk=200244 observe=85842 source_target_overrun=0
.TWAP_COLD ring=65535 index=29999 initialized=30000 window=14400 model_depth=14 observation_slots=32 source=161506 desk=199725 observe=85323 source_target_overrun=0
.TWAP_DEPENDENCIES {"call_counts": [8, 8], "cold_warm_calls": [[{"gas": 2340, "selector": "d81f84b7"}, {"gas": 2356, "selector": "033b7265"}, {"gas": 2696, "selector": "3850c7bd"}, {"gas": 2428, "selector": "1a686502"}, {"gas": 2635, "selector": "252c09d7"}, {"gas": 85842, "selector": "883bdbfd"}, {"gas": 340, "selector": "d81f84b7"}, {"gas": 45709, "selector": "76d69760"}], [{"gas": 340, "selector": "d81f84b7"}, {"gas": 356, "selector": "033b7265"}, {"gas": 696, "selector": "3850c7bd"}, {"gas": 428, "selector": "1a686502"}, {"gas": 635, "selector": "252c09d7"}, {"gas": 23842, "selector": "883bdbfd"}, {"gas": 340, "selector": "d81f84b7"}, {"gas": 8209, "selector": "76d69760"}]], "target": "source"}
TWAP_WARM target=source source_cold=182664 direct_total=182664 transaction_children=[182664, 45664] source_children=[182664, 45664] wrapper_overhead=3444
.TWAP_DEPENDENCIES {"call_counts": [7, 7], "cold_warm_calls": [[{"gas": 2340, "selector": "d81f84b7"}, {"gas": 2356, "selector": "033b7265"}, {"gas": 2696, "selector": "3850c7bd"}, {"gas": 2428, "selector": "1a686502"}, {"gas": 2635, "selector": "252c09d7"}, {"gas": 85842, "selector": "883bdbfd"}, {"gas": 30709, "selector": "76d69760"}], [{"gas": 340, "selector": "d81f84b7"}, {"gas": 356, "selector": "033b7265"}, {"gas": 696, "selector": "3850c7bd"}, {"gas": 428, "selector": "1a686502"}, {"gas": 635, "selector": "252c09d7"}, {"gas": 23842, "selector": "883bdbfd"}, {"gas": 8209, "selector": "76d69760"}]], "target": "desk"}
TWAP_WARM target=desk source_cold=162025 direct_total=200244 transaction_children=[200244, 51244] source_children=[162025, 45025] wrapper_overhead=3444
.TWAP_LATE_FAILURE kind=stale observe=85842 source=174290 desk=212561
.TWAP_LATE_FAILURE kind=empty observe=85842 source=173576 desk=211847
.TWAP_LATE_FAILURE kind=invalid_round observe=85842 source=174149 desk=212420
.TWAP_LATE_FAILURE kind=burn observe=85842 source=248162 desk=286239
..TWAP_ROTATED source=162025 desk=200244
.TWAP_SIZE deployed=19867 eip170_headroom=4709 target_overrun=0 coverage=2478 snapshot=307 compiler=Vyper-0.4.3 optimize=gas evm=prague action_delay=2 expiration_duration=100
.TWAP_DENSE_TICK tick=524287 reverse=False direct_source=185733 forwarded_source=165094 desk=203313 source_target_overrun=0
.TWAP_DENSE_TICK tick=-524287 reverse=True direct_source=184686 forwarded_source=164047 desk=202266 source_target_overrun=0
.
20 passed in 14.51s
