TWAP_SLOAD_CONTROL cold=2171 warm=171 reset_cold=2171
.TWAP_GAS_SETUP python=3.12.0 machine=arm64 seconds=6.493 pool_runtime_sha256=a2ad4226f924f98e8d9a7a97ce0e034b05c4fc9d2b19d1e5b58f8bd43a2feb3a source_bytes=20614 synthetic_ring=65535
TWAP_COLD ring=65535 index=65534 initialized=65535 window=1800 model_depth=14 observation_slots=30 source=157604 desk=195823 observe=80733 source_target_overrun=0
.TWAP_COLD ring=20000 index=19999 initialized=20000 window=1800 model_depth=10 observation_slots=22 source=136426 desk=174645 observe=59555 source_target_overrun=0
.TWAP_COLD ring=65535 index=12345 initialized=65535 window=1800 model_depth=14 observation_slots=30 source=157604 desk=195823 observe=80733 source_target_overrun=0
.TWAP_COLD ring=65535 index=29999 initialized=30000 window=1800 model_depth=13 observation_slots=30 source=157085 desk=195304 observe=80214 source_target_overrun=0
.TWAP_COLD ring=65535 index=65534 initialized=65535 window=14400 model_depth=15 observation_slots=32 source=162713 desk=200932 observe=85842 source_target_overrun=0
.TWAP_COLD ring=20000 index=19999 initialized=20000 window=14400 model_depth=14 observation_slots=29 source=155254 desk=193473 observe=78383 source_target_overrun=0
.TWAP_COLD ring=65535 index=12345 initialized=65535 window=14400 model_depth=15 observation_slots=32 source=162713 desk=200932 observe=85842 source_target_overrun=0
.TWAP_COLD ring=65535 index=29999 initialized=30000 window=14400 model_depth=14 observation_slots=32 source=162194 desk=200413 observe=85323 source_target_overrun=0
.TWAP_DEPENDENCIES {"call_counts": [8, 8], "cold_warm_calls": [[{"gas": 2340, "selector": "d81f84b7"}, {"gas": 340, "selector": "d81f84b7"}, {"gas": 2356, "selector": "033b7265"}, {"gas": 2696, "selector": "3850c7bd"}, {"gas": 2428, "selector": "1a686502"}, {"gas": 2635, "selector": "252c09d7"}, {"gas": 85842, "selector": "883bdbfd"}, {"gas": 45709, "selector": "76d69760"}], [{"gas": 340, "selector": "d81f84b7"}, {"gas": 340, "selector": "d81f84b7"}, {"gas": 356, "selector": "033b7265"}, {"gas": 696, "selector": "3850c7bd"}, {"gas": 428, "selector": "1a686502"}, {"gas": 635, "selector": "252c09d7"}, {"gas": 23842, "selector": "883bdbfd"}, {"gas": 8209, "selector": "76d69760"}]], "target": "source"}
TWAP_WARM target=source source_cold=182669 direct_total=182669 transaction_children=[182669, 45669] source_children=[182669, 45669] wrapper_overhead=3444
.TWAP_DEPENDENCIES {"call_counts": [8, 8], "cold_warm_calls": [[{"gas": 2340, "selector": "d81f84b7"}, {"gas": 340, "selector": "d81f84b7"}, {"gas": 2356, "selector": "033b7265"}, {"gas": 2696, "selector": "3850c7bd"}, {"gas": 2428, "selector": "1a686502"}, {"gas": 2635, "selector": "252c09d7"}, {"gas": 85842, "selector": "883bdbfd"}, {"gas": 30709, "selector": "76d69760"}], [{"gas": 340, "selector": "d81f84b7"}, {"gas": 340, "selector": "d81f84b7"}, {"gas": 356, "selector": "033b7265"}, {"gas": 696, "selector": "3850c7bd"}, {"gas": 428, "selector": "1a686502"}, {"gas": 635, "selector": "252c09d7"}, {"gas": 23842, "selector": "883bdbfd"}, {"gas": 8209, "selector": "76d69760"}]], "target": "desk"}
TWAP_WARM target=desk source_cold=162713 direct_total=200932 transaction_children=[200932, 51932] source_children=[162713, 45713] wrapper_overhead=3444
.TWAP_LATE_FAILURE kind=stale observe=85842 source=174984 desk=213255
.TWAP_LATE_FAILURE kind=empty observe=85842 source=174270 desk=212541
.TWAP_LATE_FAILURE kind=invalid_round observe=85842 source=174843 desk=213114
.TWAP_LATE_FAILURE kind=burn observe=85842 source=248173 desk=286250
..TWAP_ROTATED source=162713 desk=200932
.TWAP_SIZE deployed=20614 eip170_headroom=3962 target_overrun=0 coverage=2478 snapshot=307 compiler=Vyper-0.4.3 optimize=gas evm=prague action_delay=2 expiration_duration=100
.TWAP_DENSE_TICK tick=524287 reverse=False direct_source=185738 forwarded_source=165782 desk=204001 source_target_overrun=0
.TWAP_DENSE_TICK tick=-524287 reverse=True direct_source=184691 forwarded_source=164735 desk=202954 source_target_overrun=0
.
20 passed in 14.55s
