TWAP_SLOAD_CONTROL cold=2171 warm=171 reset_cold=2171
.TWAP_GAS_SETUP python=3.12.0 machine=arm64 seconds=15.859 pool_runtime_sha256=a2ad4226f924f98e8d9a7a97ce0e034b05c4fc9d2b19d1e5b58f8bd43a2feb3a source_bytes=19544 synthetic_ring=65535
TWAP_COLD ring=65535 index=65534 initialized=65535 window=1800 model_depth=14 observation_slots=30 source=159012 desk=197231 observe=80733 source_target_overrun=0
.TWAP_COLD ring=20000 index=19999 initialized=20000 window=1800 model_depth=10 observation_slots=22 source=137834 desk=176053 observe=59555 source_target_overrun=0
.TWAP_COLD ring=65535 index=12345 initialized=65535 window=1800 model_depth=14 observation_slots=30 source=159012 desk=197231 observe=80733 source_target_overrun=0
.TWAP_COLD ring=65535 index=29999 initialized=30000 window=1800 model_depth=13 observation_slots=30 source=158493 desk=196712 observe=80214 source_target_overrun=0
.TWAP_COLD ring=65535 index=65534 initialized=65535 window=14400 model_depth=15 observation_slots=32 source=164121 desk=202340 observe=85842 source_target_overrun=0
.TWAP_COLD ring=20000 index=19999 initialized=20000 window=14400 model_depth=14 observation_slots=29 source=156662 desk=194881 observe=78383 source_target_overrun=0
.TWAP_COLD ring=65535 index=12345 initialized=65535 window=14400 model_depth=15 observation_slots=32 source=164121 desk=202340 observe=85842 source_target_overrun=0
.TWAP_COLD ring=65535 index=29999 initialized=30000 window=14400 model_depth=14 observation_slots=32 source=163602 desk=201821 observe=85323 source_target_overrun=0
.TWAP_DEPENDENCIES {"call_counts": [6, 6], "cold_warm_calls": [[{"gas": 2696, "selector": "3850c7bd"}, {"gas": 2428, "selector": "1a686502"}, {"gas": 2635, "selector": "252c09d7"}, {"gas": 85842, "selector": "883bdbfd"}, {"gas": 2340, "selector": "d81f84b7"}, {"gas": 45709, "selector": "76d69760"}], [{"gas": 696, "selector": "3850c7bd"}, {"gas": 428, "selector": "1a686502"}, {"gas": 635, "selector": "252c09d7"}, {"gas": 23842, "selector": "883bdbfd"}, {"gas": 340, "selector": "d81f84b7"}, {"gas": 8209, "selector": "76d69760"}]], "target": "source"}
TWAP_WARM target=source source_cold=184760 direct_total=184760 transaction_children=[184760, 43760] source_children=[184760, 43760] wrapper_overhead=3444
.TWAP_DEPENDENCIES {"call_counts": [5, 5], "cold_warm_calls": [[{"gas": 2696, "selector": "3850c7bd"}, {"gas": 2428, "selector": "1a686502"}, {"gas": 2635, "selector": "252c09d7"}, {"gas": 85842, "selector": "883bdbfd"}, {"gas": 32709, "selector": "76d69760"}], [{"gas": 696, "selector": "3850c7bd"}, {"gas": 428, "selector": "1a686502"}, {"gas": 635, "selector": "252c09d7"}, {"gas": 23842, "selector": "883bdbfd"}, {"gas": 8209, "selector": "76d69760"}]], "target": "desk"}
TWAP_WARM target=desk source_cold=164121 direct_total=202340 transaction_children=[202340, 49340] source_children=[164121, 43121] wrapper_overhead=3444
.TWAP_LATE_FAILURE kind=stale observe=85842 source=174283 desk=212554
.TWAP_LATE_FAILURE kind=empty observe=85842 source=173569 desk=211840
.TWAP_LATE_FAILURE kind=invalid_round observe=85842 source=174142 desk=212413
.TWAP_LATE_FAILURE kind=burn observe=85842 source=248164 desk=286241
..TWAP_ROTATED source=164121 desk=202340
.TWAP_SIZE deployed=19544 eip170_headroom=5032 target_overrun=0 coverage=2478 snapshot=307 compiler=Vyper-0.4.3 optimize=gas evm=prague action_delay=2 expiration_duration=100
.TWAP_DENSE_TICK tick=524287 reverse=False direct_source=187829 forwarded_source=167190 desk=205409 source_target_overrun=0
.TWAP_DENSE_TICK tick=-524287 reverse=True direct_source=185999 forwarded_source=165360 desk=203579 source_target_overrun=0
.
20 passed in 23.40s
